
  .   ____          _            __ _ _
 /\\ / ___'_ __ _ _(_)_ __  __ _ \ \ \ \
( ( )\___ | '_ | '_| | '_ \/ _` | \ \ \ \
 \\/  ___)| |_)| | | | | || (_| |  ) ) ) )
  '  |____| .__|_| |_|_| |_\__, | / / / /
 =========|_|==============|___/=/_/_/_/
 :: Spring Boot ::               (v2.7.17)

2026-08-02 15:30:51.277  INFO 5688 --- [           main] com.sky.SkyApplication                   : Starting SkyApplication using Java 17.0.19 on 神秘奇女子 with PID 5688 (E:\javaproject\苍穹外卖\sky-server\target\classes started by LENOVO in E:\javaproject\苍穹外卖\sky-server)
2026-08-02 15:30:51.281 DEBUG 5688 --- [           main] com.sky.SkyApplication                   : Running with Spring Boot v2.7.17, Spring v5.3.30
2026-08-02 15:30:51.282  INFO 5688 --- [           main] com.sky.SkyApplication                   : No active profile set, falling back to 1 default profile: "default"
2026-08-02 15:30:52.942  INFO 5688 --- [           main] o.s.b.w.embedded.tomcat.TomcatWebServer  : Tomcat initialized with port(s): 8080 (http)
2026-08-02 15:30:52.955  INFO 5688 --- [           main] o.apache.catalina.core.StandardService   : Starting service [Tomcat]
2026-08-02 15:30:52.955  INFO 5688 --- [           main] org.apache.catalina.core.StandardEngine  : Starting Servlet engine: [Apache Tomcat/9.0.82]
2026-08-02 15:30:53.186  INFO 5688 --- [           main] o.a.c.c.C.[Tomcat].[localhost].[/]       : Initializing Spring embedded WebApplicationContext
2026-08-02 15:30:53.186  INFO 5688 --- [           main] w.s.c.ServletWebServerApplicationContext : Root WebApplicationContext: initialization completed in 1841 ms
2026-08-02 15:30:53.983  INFO 5688 --- [           main] o.s.b.w.embedded.tomcat.TomcatWebServer  : Tomcat started on port(s): 8080 (http) with context path ''
2026-08-02 15:30:54.000  INFO 5688 --- [           main] com.sky.SkyApplication                   : Started SkyApplication in 3.392 seconds (JVM running for 3.77)
2026-08-02 15:30:54.003  INFO 5688 --- [           main] com.sky.SkyApplication                   : 苍穹外卖项目启动成功...
2026-08-02 15:31:12.276  INFO 5688 --- [nio-8080-exec-1] o.a.c.c.C.[Tomcat].[localhost].[/]       : Initializing Spring DispatcherServlet 'dispatcherServlet'
2026-08-02 15:31:12.276  INFO 5688 --- [nio-8080-exec-1] o.s.web.servlet.DispatcherServlet        : Initializing Servlet 'dispatcherServlet'
2026-08-02 15:31:12.278  INFO 5688 --- [nio-8080-exec-1] o.s.web.servlet.DispatcherServlet        : Completed initialization in 2 ms
2026-08-02 15:31:12.404  INFO 5688 --- [nio-8080-exec-1] c.s.controller.admin.EmployeeController  : 员工登录：admin
2026-08-02 15:31:12.434  INFO 5688 --- [nio-8080-exec-1] com.zaxxer.hikari.HikariDataSource       : HikariPool-1 - Starting...
2026-08-02 15:31:12.656  INFO 5688 --- [nio-8080-exec-1] com.zaxxer.hikari.HikariDataSource       : HikariPool-1 - Start completed.
2026-08-02 15:31:12.666 DEBUG 5688 --- [nio-8080-exec-1] c.s.mapper.EmployeeMapper.getByUsername  : ==>  Preparing: select * from employee where username = ?
2026-08-02 15:31:12.699 DEBUG 5688 --- [nio-8080-exec-1] c.s.mapper.EmployeeMapper.getByUsername  : ==> Parameters: admin(String)
2026-08-02 15:31:12.741 DEBUG 5688 --- [nio-8080-exec-1] c.s.mapper.EmployeeMapper.getByUsername  : <==      Total: 1
2026-08-02 15:31:12.979  INFO 5688 --- [nio-8080-exec-3] c.s.controller.admin.EmployeeController  : 员工登录：admin
2026-08-02 15:31:12.980 DEBUG 5688 --- [nio-8080-exec-3] c.s.mapper.EmployeeMapper.getByUsername  : ==>  Preparing: select * from employee where username = ?
2026-08-02 15:31:12.981 DEBUG 5688 --- [nio-8080-exec-3] c.s.mapper.EmployeeMapper.getByUsername  : ==> Parameters: admin(String)
2026-08-02 15:31:12.985 DEBUG 5688 --- [nio-8080-exec-3] c.s.mapper.EmployeeMapper.getByUsername  : <==      Total: 1
2026-08-02 15:31:12.988 ERROR 5688 --- [nio-8080-exec-3] com.sky.handler.GlobalExceptionHandler   : 业务异常：密码错误
2026-08-02 15:31:13.140  INFO 5688 --- [nio-8080-exec-8] c.s.controller.admin.EmployeeController  : 员工登录：nobody
2026-08-02 15:31:13.141 DEBUG 5688 --- [nio-8080-exec-8] c.s.mapper.EmployeeMapper.getByUsername  : ==>  Preparing: select * from employee where username = ?
2026-08-02 15:31:13.141 DEBUG 5688 --- [nio-8080-exec-8] c.s.mapper.EmployeeMapper.getByUsername  : ==> Parameters: nobody(String)
2026-08-02 15:31:13.143 DEBUG 5688 --- [nio-8080-exec-8] c.s.mapper.EmployeeMapper.getByUsername  : <==      Total: 0
2026-08-02 15:31:13.144 ERROR 5688 --- [nio-8080-exec-8] com.sky.handler.GlobalExceptionHandler   : 业务异常：账号不存在
2026-08-02 15:34:17.201  WARN 5688 --- [io-8080-exec-10] o.s.web.servlet.PageNotFound             : No mapping for GET /favicon.ico
2026-08-02 15:34:17.263  WARN 5688 --- [nio-8080-exec-9] o.s.web.servlet.PageNotFound             : No mapping for GET /swagger-resources
2026-08-02 15:43:22.780  WARN 5688 --- [nio-8080-exec-6] o.s.web.servlet.PageNotFound             : No mapping for GET /swagger-resources
2026-08-02 16:15:48.777  WARN 5688 --- [nio-8080-exec-6] o.s.web.servlet.PageNotFound             : No mapping for GET /swagger-resources
[ERROR] Failed to execute goal org.springframework.boot:spring-boot-maven-plugin:2.7.17:run (default-cli) on project sky-server: Application finished with exit code: 1 -> [Help 1]
[ERROR] 
[ERROR] To see the full stack trace of the errors, re-run Maven with the -e switch.
[ERROR] Re-run Maven using the -X switch to enable full debug logging.
[ERROR] 
[ERROR] For more information about the errors and possible solutions, please read the following articles:
[ERROR] [Help 1] http://cwiki.apache.org/confluence/display/MAVEN/MojoExecutionException
